
> minhas-designacoes@4.0.2 dev
> vite --host 127.0.0.1 --port 4173

Re-optimizing dependencies because lockfile has changed

  [32m[1mVITE[22m v5.4.21[39m  [2mready in [0m[1m599[22m[2m[0m ms[22m

  [32m➜[39m  [1mLocal[22m:   [36mhttp://127.0.0.1:[1m4173[22m/[39m
[2m[32m  ➜[39m[22m[2m  press [22m[1mh + enter[22m[2m to show help[22m
[2m12:25:18[22m [36m[1m[vite][22m[39m [32mhmr update [39m[2m/src/components/views/DashboardView.jsx, /@fs/C:/Minhas Designações/src/index.css[22m
[2m12:25:18[22m [36m[1m[vite][22m[39m [32mhmr update [39m[2m/src/components/views/DashboardView.jsx, /@fs/C:/Minhas Designações/src/index.css[22m
[2m12:25:56[22m [36m[1m[vite][22m[39m [32mhmr update [39m[2m/src/components/views/DashboardView.jsx, /@fs/C:/Minhas Designações/src/index.css[22m
[2m12:26:48[22m [36m[1m[vite][22m[39m [32mpage reload [39m[2mC:/Minhas Designações/src/utils/textUtils.js[22m
[2m12:27:17[22m [36m[1m[vite][22m[39m [32mpage reload [39m[2mC:/Minhas Designações/src/utils/textUtils.js[22m
[2m12:30:17[22m [36m[1m[vite][22m[39m [32mpage reload [39m[2mC:/Minhas Designações/src/utils/textUtils.js[22m
[2m12:30:17[22m [36m[1m[vite][22m[39m [32mpage reload [39m[2mC:/Minhas Designações/src/utils/textUtils.js[22m
[2m13:22:28[22m [36m[1m[vite][22m[39m [32mhmr update [39m[2m/@fs/C:/Minhas Designações/src/App.jsx, /@fs/C:/Minhas Designações/src/index.css[22m
[2m13:23:47[22m [36m[1m[vite][22m[39m [32mhmr update [39m[2m/@fs/C:/Minhas Designações/src/App.jsx, /@fs/C:/Minhas Designações/src/index.css[22m
[2m13:24:00[22m [36m[1m[vite][22m[39m [32mhmr update [39m[2m/@fs/C:/Minhas Designações/src/App.jsx, /@fs/C:/Minhas Designações/src/index.css[22m
[2m13:24:24[22m [36m[1m[vite][22m[39m [32mhmr update [39m[2m/@fs/C:/Minhas Designações/src/App.jsx, /@fs/C:/Minhas Designações/src/index.css[22m
[2m13:24:29[22m [36m[1m[vite][22m[39m [32mhmr update [39m[2m/@fs/C:/Minhas Designações/src/App.jsx, /@fs/C:/Minhas Designações/src/index.css[22m
[2m13:24:40[22m [36m[1m[vite][22m[39m [32mhmr update [39m[2m/@fs/C:/Minhas Designações/src/App.jsx, /@fs/C:/Minhas Designações/src/index.css[22m
[2m13:24:47[22m [36m[1m[vite][22m[39m [32mhmr update [39m[2m/@fs/C:/Minhas Designações/src/index.css, /@fs/C:/Minhas Designações/src/App.jsx[22m
[2m13:34:23[22m [36m[1m[vite][22m[39m [32mhmr update [39m[2m/@fs/C:/Minhas Designações/src/App.jsx, /@fs/C:/Minhas Designações/src/index.css[22m
[2m13:34:30[22m [36m[1m[vite][22m[39m [32mhmr update [39m[2m/@fs/C:/Minhas Designações/src/App.jsx, /@fs/C:/Minhas Designações/src/index.css[22m
[2m13:37:11[22m [36m[1m[vite][22m[39m [32mhmr update [39m[2m/@fs/C:/Minhas Designações/src/App.jsx, /@fs/C:/Minhas Designações/src/index.css[22m
[2m13:37:23[22m [36m[1m[vite][22m[39m [32mhmr update [39m[2m/@fs/C:/Minhas Designações/src/App.jsx, /@fs/C:/Minhas Designações/src/index.css[22m
[2m13:37:28[22m [36m[1m[vite][22m[39m [32mhmr update [39m[2m/@fs/C:/Minhas Designações/src/App.jsx, /@fs/C:/Minhas Designações/src/index.css[22m
[2m13:41:08[22m [36m[1m[vite][22m[39m [32mhmr update [39m[2m/@fs/C:/Minhas Designações/src/App.jsx, /@fs/C:/Minhas Designações/src/index.css[22m
[2m13:41:36[22m [36m[1m[vite][22m[39m [32mhmr update [39m[2m/@fs/C:/Minhas Designações/src/App.jsx, /@fs/C:/Minhas Designações/src/index.css[22m
[2m13:42:12[22m [36m[1m[vite][22m[39m [32mhmr update [39m[2m/@fs/C:/Minhas Designações/src/App.jsx, /@fs/C:/Minhas Designações/src/index.css[22m
[2m13:43:48[22m [36m[1m[vite][22m[39m [32mhmr update [39m[2m/@fs/C:/Minhas Designações/src/App.jsx, /@fs/C:/Minhas Designações/src/index.css[22m
[2m13:44:02[22m [36m[1m[vite][22m[39m [32mhmr update [39m[2m/@fs/C:/Minhas Designações/src/App.jsx, /@fs/C:/Minhas Designações/src/index.css[22m
[2m13:57:15[22m [36m[1m[vite][22m[39m [32mhmr update [39m[2m/@fs/C:/Minhas Designações/src/index.css, /@fs/C:/Minhas Designações/src/App.jsx[22m
[2m13:57:22[22m [36m[1m[vite][22m[39m [32mhmr update [39m[2m/@fs/C:/Minhas Designações/src/index.css, /@fs/C:/Minhas Designações/src/App.jsx[22m
[2m13:57:39[22m [36m[1m[vite][22m[39m [32mhmr update [39m[2m/@fs/C:/Minhas Designações/src/index.css, /@fs/C:/Minhas Designações/src/App.jsx[22m
[2m13:57:59[22m [36m[1m[vite][22m[39m [32mhmr update [39m[2m/@fs/C:/Minhas Designações/src/App.jsx, /@fs/C:/Minhas Designações/src/index.css[22m
[2m13:58:07[22m [36m[1m[vite][22m[39m [32mhmr update [39m[2m/@fs/C:/Minhas Designações/src/App.jsx, /@fs/C:/Minhas Designações/src/index.css[22m
[2m13:58:14[22m [36m[1m[vite][22m[39m [32mhmr update [39m[2m/@fs/C:/Minhas Designações/src/App.jsx, /@fs/C:/Minhas Designações/src/index.css[22m
[2m13:58:22[22m [36m[1m[vite][22m[39m [32mhmr update [39m[2m/@fs/C:/Minhas Designações/src/App.jsx, /@fs/C:/Minhas Designações/src/index.css[22m
[2m13:59:01[22m [36m[1m[vite][22m[39m [32mhmr update [39m[2m/@fs/C:/Minhas Designações/src/index.css, /@fs/C:/Minhas Designações/src/App.jsx[22m
[2m13:59:20[22m [36m[1m[vite][22m[39m [32mhmr update [39m[2m/@fs/C:/Minhas Designações/src/index.css, /@fs/C:/Minhas Designações/src/App.jsx[22m
[2m13:59:25[22m [36m[1m[vite][22m[39m [32mhmr update [39m[2m/@fs/C:/Minhas Designações/src/index.css, /@fs/C:/Minhas Designações/src/App.jsx[22m
[2m13:59:55[22m [36m[1m[vite][22m[39m [32mhmr update [39m[2m/@fs/C:/Minhas Designações/src/index.css, /@fs/C:/Minhas Designações/src/App.jsx[22m
[2m13:59:55[22m [36m[1m[vite][22m[39m [32mhmr update [39m[2m/@fs/C:/Minhas Designações/src/index.css, /@fs/C:/Minhas Designações/src/App.jsx[22m
[2m14:05:37[22m [36m[1m[vite][22m[39m [32mhmr update [39m[2m/@fs/C:/Minhas Designações/src/App.jsx, /@fs/C:/Minhas Designações/src/index.css[22m
[2m14:06:03[22m [36m[1m[vite][22m[39m [32mhmr update [39m[2m/@fs/C:/Minhas Designações/src/App.jsx, /@fs/C:/Minhas Designações/src/index.css[22m
[2m14:07:19[22m [36m[1m[vite][22m[39m [32mhmr update [39m[2m/@fs/C:/Minhas Designações/src/App.jsx, /@fs/C:/Minhas Designações/src/index.css[22m
[2m14:08:14[22m [36m[1m[vite][22m[39m [32mhmr update [39m[2m/@fs/C:/Minhas Designações/src/App.jsx, /@fs/C:/Minhas Designações/src/index.css[22m
[2m14:09:01[22m [36m[1m[vite][22m[39m [32mhmr update [39m[2m/@fs/C:/Minhas Designações/src/App.jsx, /@fs/C:/Minhas Designações/src/index.css[22m
[2m14:17:22[22m [36m[1m[vite][22m[39m [32mhmr update [39m[2m/@fs/C:/Minhas Designações/src/App.jsx, /@fs/C:/Minhas Designações/src/index.css[22m
[2m14:17:31[22m [36m[1m[vite][22m[39m [32mhmr update [39m[2m/@fs/C:/Minhas Designações/src/App.jsx, /@fs/C:/Minhas Designações/src/index.css[22m
[2m14:17:42[22m [36m[1m[vite][22m[39m [32mhmr update [39m[2m/@fs/C:/Minhas Designações/src/App.jsx, /@fs/C:/Minhas Designações/src/index.css[22m
[2m14:17:55[22m [36m[1m[vite][22m[39m [32mhmr update [39m[2m/@fs/C:/Minhas Designações/src/App.jsx, /@fs/C:/Minhas Designações/src/index.css[22m
[2m14:18:25[22m [36m[1m[vite][22m[39m [32mhmr update [39m[2m/@fs/C:/Minhas Designações/src/App.jsx, /@fs/C:/Minhas Designações/src/index.css[22m
[2m14:18:31[22m [36m[1m[vite][22m[39m [32mhmr update [39m[2m/@fs/C:/Minhas Designações/src/App.jsx, /@fs/C:/Minhas Designações/src/index.css[22m
[2m14:19:15[22m [36m[1m[vite][22m[39m [32mhmr update [39m[2m/@fs/C:/Minhas Designações/src/App.jsx, /@fs/C:/Minhas Designações/src/index.css[22m
[2m14:19:48[22m [36m[1m[vite][22m[39m [32mhmr update [39m[2m/@fs/C:/Minhas Designações/src/App.jsx, /@fs/C:/Minhas Designações/src/index.css[22m
[2m14:20:05[22m [36m[1m[vite][22m[39m [32mhmr update [39m[2m/@fs/C:/Minhas Designações/src/App.jsx, /@fs/C:/Minhas Designações/src/index.css[22m
[2m14:43:36[22m [36m[1m[vite][22m[39m [32mhmr update [39m[2m/@fs/C:/Minhas Designações/src/App.jsx, /@fs/C:/Minhas Designações/src/index.css[22m
[2m14:43:44[22m [36m[1m[vite][22m[39m [32mhmr update [39m[2m/@fs/C:/Minhas Designações/src/App.jsx, /@fs/C:/Minhas Designações/src/index.css[22m
[2m14:43:49[22m [36m[1m[vite][22m[39m [32mhmr update [39m[2m/@fs/C:/Minhas Designações/src/App.jsx, /@fs/C:/Minhas Designações/src/index.css[22m
[2m14:44:34[22m [36m[1m[vite][22m[39m [32mhmr update [39m[2m/@fs/C:/Minhas Designações/src/App.jsx, /@fs/C:/Minhas Designações/src/index.css[22m
[2m14:45:06[22m [36m[1m[vite][22m[39m [32mhmr update [39m[2m/@fs/C:/Minhas Designações/src/App.jsx, /@fs/C:/Minhas Designações/src/index.css[22m
[2m14:45:18[22m [36m[1m[vite][22m[39m [32mhmr update [39m[2m/@fs/C:/Minhas Designações/src/App.jsx, /@fs/C:/Minhas Designações/src/index.css[22m
[2m14:45:22[22m [36m[1m[vite][22m[39m [32mhmr update [39m[2m/@fs/C:/Minhas Designações/src/App.jsx, /@fs/C:/Minhas Designações/src/index.css[22m
[2m14:45:30[22m [36m[1m[vite][22m[39m [32mhmr update [39m[2m/@fs/C:/Minhas Designações/src/App.jsx, /@fs/C:/Minhas Designações/src/index.css[22m
[2m15:10:42[22m [36m[1m[vite][22m[39m [32mhmr update [39m[2m/@fs/C:/Minhas Designações/src/App.jsx, /@fs/C:/Minhas Designações/src/index.css[22m
[2m15:11:40[22m [36m[1m[vite][22m[39m [32mhmr update [39m[2m/src/components/views/DashboardView.jsx, /@fs/C:/Minhas Designações/src/index.css[22m
[2m15:11:47[22m [36m[1m[vite][22m[39m [32mpage reload [39m[2mC:/Minhas Designações/src/utils/textUtils.js[22m
[2m15:12:20[22m [36m[1m[vite][22m[39m [32mhmr update [39m[2m/@fs/C:/Minhas Designações/src/App.jsx, /@fs/C:/Minhas Designações/src/index.css[22m
[2m15:12:49[22m [36m[1m[vite][22m[39m [32mhmr update [39m[2m/@fs/C:/Minhas Designações/src/App.jsx, /@fs/C:/Minhas Designações/src/index.css[22m
[2m15:19:41[22m [36m[1m[vite][22m[39m [32mhmr update [39m[2m/src/features/admin/AdminMeetingsTab.jsx, /@fs/C:/Minhas Designações/src/index.css[22m
[2m15:19:46[22m [36m[1m[vite][22m[39m [32mhmr update [39m[2m/src/features/admin/AdminMeetingsTab.jsx, /@fs/C:/Minhas Designações/src/index.css[22m
[2m15:19:52[22m [36m[1m[vite][22m[39m [32mhmr update [39m[2m/src/features/admin/AdminMeetingsTab.jsx, /@fs/C:/Minhas Designações/src/index.css[22m
[2m15:19:57[22m [36m[1m[vite][22m[39m [32mhmr update [39m[2m/src/features/admin/AdminMeetingsTab.jsx, /@fs/C:/Minhas Designações/src/index.css[22m
[2m15:20:11[22m [36m[1m[vite][22m[39m [32mhmr update [39m[2m/src/features/admin/AdminMeetingsTab.jsx, /@fs/C:/Minhas Designações/src/index.css[22m
[2m15:20:48[22m [36m[1m[vite][22m[39m [32mhmr update [39m[2m/src/features/admin/AdminMeetingsTab.jsx, /@fs/C:/Minhas Designações/src/index.css[22m
[2m15:42:28[22m [36m[1m[vite][22m[39m [32mhmr update [39m[2m/src/features/assignments/AssignmentsMonth.jsx, /@fs/C:/Minhas Designações/src/index.css[22m
[2m15:42:31[22m [36m[1m[vite][22m[39m [32mhmr update [39m[2m/src/features/assignments/AssignmentsMonth.jsx, /@fs/C:/Minhas Designações/src/index.css[22m
[2m15:42:51[22m [36m[1m[vite][22m[39m [32mhmr update [39m[2m/src/features/assignments/AssignmentsMonth.jsx, /@fs/C:/Minhas Designações/src/index.css[22m
[2m15:42:58[22m [36m[1m[vite][22m[39m [32mhmr update [39m[2m/src/features/assignments/AssignmentsMonth.jsx, /@fs/C:/Minhas Designações/src/index.css[22m
[2m15:43:02[22m [36m[1m[vite][22m[39m [32mhmr update [39m[2m/src/features/assignments/AssignmentsMonth.jsx, /@fs/C:/Minhas Designações/src/index.css[22m
[2m15:43:09[22m [36m[1m[vite][22m[39m [32mhmr update [39m[2m/src/features/assignments/AssignmentsMonth.jsx, /@fs/C:/Minhas Designações/src/index.css[22m
[2m15:43:42[22m [36m[1m[vite][22m[39m [32mhmr update [39m[2m/src/features/assignments/AssignmentsMonth.jsx, /@fs/C:/Minhas Designações/src/index.css[22m
[2m15:43:58[22m [36m[1m[vite][22m[39m [32mhmr update [39m[2m/src/features/assignments/AssignmentsMonth.jsx, /@fs/C:/Minhas Designações/src/index.css[22m
[2m15:44:26[22m [36m[1m[vite][22m[39m [32mhmr update [39m[2m/src/features/assignments/AssignmentsMonth.jsx, /@fs/C:/Minhas Designações/src/index.css[22m
[2m15:45:13[22m [36m[1m[vite][22m[39m [32mhmr update [39m[2m/src/features/assignments/AssignmentsMonth.jsx, /@fs/C:/Minhas Designações/src/index.css[22m
[2m15:46:07[22m [36m[1m[vite][22m[39m [32mhmr update [39m[2m/@fs/C:/Minhas Designações/src/index.css, /@fs/C:/Minhas Designações/src/App.jsx, /src/features/admin/AdminAssignmentsTab.jsx, /src/features/admin/AdminProgrammingOverview.jsx, /src/features/assignments/AssignmentsMonth.jsx, /src/features/admin/AdminAutoAssignmentsTab.jsx, /src/features/admin/AdminUsersTab.jsx[22m
[2m15:46:18[22m [36m[1m[vite][22m[39m [32mhmr update [39m[2m/@fs/C:/Minhas Designações/src/index.css, /@fs/C:/Minhas Designações/src/App.jsx, /src/features/admin/AdminAssignmentsTab.jsx, /src/features/admin/AdminProgrammingOverview.jsx, /src/features/assignments/AssignmentsMonth.jsx[22m
[2m15:46:36[22m [36m[1m[vite][22m[39m [32mhmr update [39m[2m/@fs/C:/Minhas Designações/src/index.css, /@fs/C:/Minhas Designações/src/App.jsx, /src/features/admin/AdminAutoAssignmentsTab.jsx, /src/features/admin/AdminAssignmentsTab.jsx, /src/features/meetings/MeetingsView.jsx[22m
[2m15:47:43[22m [36m[1m[vite][22m[39m [32mhmr update [39m[2m/src/features/assignments/AssignmentsMonth.jsx, /@fs/C:/Minhas Designações/src/index.css[22m
[2m16:44:14[22m [36m[1m[vite][22m[39m [32mhmr update [39m[2m/@fs/C:/Minhas Designações/src/index.css, /@fs/C:/Minhas Designações/src/App.jsx, /src/features/admin/AdminAssignmentsTab.jsx, /src/features/admin/AdminProgrammingOverview.jsx, /src/features/assignments/AssignmentsMonth.jsx[22m
[2m16:45:37[22m [36m[1m[vite][22m[39m [32mhmr update [39m[2m/src/components/AssignmentsImportPreviewModal.jsx, /@fs/C:/Minhas Designações/src/index.css[22m
[2m16:45:44[22m [36m[1m[vite][22m[39m [32mhmr update [39m[2m/src/components/AssignmentsImportPreviewModal.jsx, /@fs/C:/Minhas Designações/src/index.css[22m
[2m16:45:55[22m [36m[1m[vite][22m[39m [32mhmr update [39m[2m/src/components/AssignmentsImportPreviewModal.jsx, /@fs/C:/Minhas Designações/src/index.css[22m
[2m16:46:02[22m [36m[1m[vite][22m[39m [32mhmr update [39m[2m/src/components/AssignmentsImportPreviewModal.jsx, /@fs/C:/Minhas Designações/src/index.css[22m
[2m16:46:15[22m [36m[1m[vite][22m[39m [32mhmr update [39m[2m/src/components/CsvResolveModal.jsx, /@fs/C:/Minhas Designações/src/index.css[22m
[2m17:01:23[22m [36m[1m[vite][22m[39m [32mhmr update [39m[2m/@fs/C:/Minhas Designações/src/index.css, /@fs/C:/Minhas Designações/src/App.jsx[22m
[2m17:01:30[22m [36m[1m[vite][22m[39m [32mhmr update [39m[2m/@fs/C:/Minhas Designações/src/index.css, /@fs/C:/Minhas Designações/src/App.jsx[22m
[2m17:01:48[22m [36m[1m[vite][22m[39m [32mhmr update [39m[2m/src/components/CsvResolveModal.jsx, /@fs/C:/Minhas Designações/src/index.css[22m
[2m17:04:34[22m [36m[1m[vite][22m[39m [32mpage reload [39m[2mC:/Minhas Designações/src/main.jsx[22m
[2m17:04:34[22m [36m[1m[vite][22m[39m [32mhmr update [39m[2m/src/components/AboutModal.jsx, /@fs/C:/Minhas Designações/src/index.css[22m
[2m17:04:34[22m [36m[1m[vite][22m[39m [32mhmr update [39m[2m/src/components/UserMenuModal.jsx, /@fs/C:/Minhas Designações/src/index.css[22m
